// Jest Snapshot v1, https://goo.gl/fbAQLP

exports[`Confirm delete popup render modal window 1`] = `ReactWrapper {}`;
