// Jest Snapshot v1, https://goo.gl/fbAQLP

exports[`render Popup component correctly 1`] = `ShallowWrapper {}`;
