// Jest Snapshot v1, https://goo.gl/fbAQLP

exports[` 1`] = `ShallowWrapper {}`;

exports[`render Popup component correctly 1`] = `ShallowWrapper {}`;
